D:\KANIKA\Hackathon\Hostel_energy_audit\backend\train_model.py:135: FutureWarning: 

Passing `palette` without assigning `hue` is deprecated and will be removed in v0.14.0. Assign the `x` variable to `hue` and set `legend=False` for the same effect.

  sns.countplot(x='anomaly', data=df, palette=['#3B82F6', '#EF4444'])
D:\KANIKA\Hackathon\Hostel_energy_audit\backend\train_model.py:371: FutureWarning: 

Passing `palette` without assigning `hue` is deprecated and will be removed in v0.14.0. Assign the `y` variable to `hue` and set `legend=False` for the same effect.

  sns.barplot(x=importances[indices], y=[features_cols[i] for i in indices], palette='viridis')
[ML PIPELINE] Phase 1: Automatically locating and loading dataset...
[ML PIPELINE] Dataset detected at: ../HostelWiseAI_Dataset_1000 (1).csv
[ML PIPELINE] Dataset loaded. Shape: (1000, 19)
[ML PIPELINE] Number of features: 19
[ML PIPELINE] All required columns verified successfully.

--- FIRST 10 RECORDS ---
          timestamp hostel_id  floor_no wing  room_no  room_capacity  students_present  students_outside  students_on_leave  day_of_week  is_weekend  is_holiday  hour_of_day room_status  temperature  expected_energy_kwh  actual_energy_kwh  energy_difference  anomaly
0  2026-07-31 17:00         D         3    A      309              4                 2                 2                  0       Friday           0           0           17    Occupied    27.701103                 0.31               0.24              -0.07        0
1  2026-08-21 06:00         B         4    A      402              4                 2                 2                  0       Friday           0           0            6    Occupied    26.685361                 0.27               0.27               0.00        0
2  2026-07-07 06:00         D         1    A      119              2                 1                 1                  0      Tuesday           0           0            6    Occupied    25.549420                 0.15               0.18               0.03        0
3  2026-07-03 20:00         C         2    A      217              2                 1                 1                  0       Friday           0           0           20    Occupied    27.561937                 0.18               0.16              -0.02        0
4  2026-07-24 22:00         C         1    B      115              2                 2                 0                  0       Friday           0           0           22    Occupied    29.400587                 0.25               0.25               0.00        0
5  2026-08-26 07:00         D         3    B      323              4                 2                 2                  0    Wednesday           0           0            7    Occupied    26.388701                 0.31               0.24              -0.07        0
6  2026-07-21 23:00         B         4    A      422              2                 2                 0                  0      Tuesday           0           0           23    Occupied    29.351652                 0.25               0.18              -0.07        0
7  2026-07-18 07:00         D         4    B      408              2                 2                 0                  0     Saturday           1           0            7    Occupied    25.753381                 0.25               0.25               0.00        0
8  2026-07-10 01:00         A         4    A      407              4                 0                 4                  0       Friday           0           0            1       Empty    25.105151                 0.05               0.02              -0.03        0
9  2026-08-04 23:00         C         2    A      202              4                 2                 2                  0      Tuesday           0           0           23    Occupied    29.076356                 0.31               0.34               0.03        0

--- DATA TYPES ---
timestamp               object
hostel_id               object
floor_no                 int64
wing                    object
room_no                  int64
room_capacity            int64
students_present         int64
students_outside         int64
students_on_leave        int64
day_of_week             object
is_weekend               int64
is_holiday               int64
hour_of_day              int64
room_status             object
temperature            float64
expected_energy_kwh    float64
actual_energy_kwh      float64
energy_difference      float64
anomaly                  int64
dtype: object

--- STATISTICAL SUMMARY ---
          floor_no      room_no  room_capacity  students_present  students_outside  students_on_leave   is_weekend   is_holiday  hour_of_day  temperature  expected_energy_kwh  actual_energy_kwh  energy_difference      anomaly
count  1000.000000  1000.000000     1000.00000       1000.000000       1000.000000        1000.000000  1000.000000  1000.000000  1000.000000  1000.000000          1000.000000        1000.000000        1000.000000  1000.000000
mean      2.460000   258.855000        3.03600          1.517000          1.447000           0.072000     0.273000     0.032000    11.455000    27.525624             0.222710           0.257960           0.035250     0.044000
std       1.123237   112.586063        0.99974          1.157839          1.139627           0.360175     0.445724     0.176088     6.852432     1.411648             0.108428           0.173873           0.130493     0.205198
min       1.000000   101.000000        2.00000          0.000000          0.000000           0.000000     0.000000     0.000000     0.000000    25.006939             0.050000           0.010000          -0.080000     0.000000
25%       1.000000   124.000000        2.00000          1.000000          0.000000           0.000000     0.000000     0.000000     6.000000    26.330833             0.150000           0.140000          -0.030000     0.000000
50%       2.000000   223.000000        4.00000          2.000000          1.000000           0.000000     0.000000     0.000000    11.000000    27.536780             0.250000           0.240000           0.020000     0.000000
75%       3.000000   325.000000        4.00000          2.000000          2.000000           0.000000     1.000000     0.000000    17.000000    28.718816             0.310000           0.340000           0.060000     0.000000
max       4.000000   425.000000        4.00000          4.000000          4.000000           4.000000     1.000000     1.000000    23.000000    29.991873             0.410000           1.180000           0.790000     1.000000

--- MISSING VALUE SUMMARY ---
timestamp              0
hostel_id              0
floor_no               0
wing                   0
room_no                0
room_capacity          0
students_present       0
students_outside       0
students_on_leave      0
day_of_week            0
is_weekend             0
is_holiday             0
hour_of_day            0
room_status            0
temperature            0
expected_energy_kwh    0
actual_energy_kwh      0
energy_difference      0
anomaly                0
dtype: int64

--- DUPLICATE RECORD SUMMARY ---
Duplicates: 0
[ML PIPELINE] Phase 2: Cleaning and preprocessing...
[ML PIPELINE] Phase 2: Performing feature engineering...
[ML PIPELINE] Preprocessing completed. Cleaned dataset size: (1000, 26)
[ML PIPELINE] Phase 3: Generating EDA visualizations...
[ML PIPELINE] All 9 initial EDA charts generated and saved inside 'eda_plots/' folder.
[ML PIPELINE] Phase 4: Preparing features and splitting dataset...
[ML PIPELINE] Split completed. Training set: 800 records, Test set: 200 records.
[ML PIPELINE] Train Class Distribution:
anomaly
0    765
1     35
Name: count, dtype: int64
[ML PIPELINE] Test Class Distribution:
anomaly
0    191
1      9
Name: count, dtype: int64
[ML PIPELINE] Phase 5: Training and comparing multiple models...
[ML PIPELINE] Training Logistic Regression...
[ML PIPELINE] Training Decision Tree...
[ML PIPELINE] Training Random Forest...
[ML PIPELINE] Training XGBoost...

--- CLASSIFICATION MODELS COMPARISON TABLE ---
Algorithm              | Accuracy   | Precision  | Recall     | F1-Score   | ROC-AUC   
--------------------------------------------------------------------------------
Logistic Regression    | 1.0000     | 1.0000     | 1.0000     | 1.0000     | 1.0000    
Decision Tree          | 1.0000     | 1.0000     | 1.0000     | 1.0000     | 1.0000    
Random Forest          | 1.0000     | 1.0000     | 1.0000     | 1.0000     | 1.0000    
XGBoost                | 1.0000     | 1.0000     | 1.0000     | 1.0000     | 1.0000    
[ML PIPELINE] Automatically selected best performing model: Logistic Regression
[ML PIPELINE] Phase 6: Evaluating selected best model...

==========================================
  BEST MODEL DETAILS: Logistic Regression  
==========================================
Accuracy : 1.0000
Precision: 1.0000
Recall   : 1.0000
F1-Score : 1.0000
ROC-AUC  : 1.0000

--- CLASSIFICATION REPORT ---
              precision    recall  f1-score   support

           0       1.00      1.00      1.00       191
           1       1.00      1.00      1.00         9

    accuracy                           1.00       200
   macro avg       1.00      1.00      1.00       200
weighted avg       1.00      1.00      1.00       200


--- CONFUSION MATRIX ---
[[191   0]
 [  0   9]]
[ML PIPELINE] Saved Feature Coefficients plot to 'eda_plots/feature_importance.png'.
[ML PIPELINE] Successfully saved model checkpoint payload to 'best_model.pkl'.
[ML PIPELINE] Pipeline complete!
